I'm sorry, but errors were detected in your script. Please correct the
errors listed below, and try again.


File "game/script.rpy", line 138: expected statement.
    xalign 0
            ^

File "game/script.rpy", line 139: expected statement.
    yalign -0.33
             ^

Ren'Py Version: Ren'Py 6.99.13.2919
